file name: /home/wang558/cluster/PXD000561/Adult_2.mgf
read #spectra: 100000
read #spectra: 200000
file name: /home/wang558/cluster/PXD000561/Adult_3.mgf
read #spectra: 300000
read #spectra: 100000
file name: /home/wang558/cluster/PXD000561/Adult_4.mgf
read #spectra: 200000
read #spectra: 100000
read #spectra: 400000
file name: /home/wang558/cluster/PXD000561/Adult_1.mgf
read #spectra: 100000
read #spectra: 500000
read #spectra: 300000
read #spectra: 200000
read #spectra: 200000
read #spectra: 600000
read #spectra: 300000
read #spectra: 300000
read #spectra: 400000
read #spectra: 700000
read #spectra: 400000
read #spectra: 400000
read #spectra: 500000
read #spectra: 500000
read #spectra: 800000
read #spectra: 500000
read #spectra: 600000
read #spectra: 600000
read #spectra: 700000
read #spectra: 900000
read #spectra: 600000
read #spectra: 761539
size: 761539
#read spectra: 761539
read #spectra: 700000
read #spectra: 1000000
read #spectra: 800000
read #spectra: 700000
read #spectra: 900000
read #spectra: 800000
read #spectra: 1100000
read #spectra: 1000000
read #spectra: 900000
read #spectra: 1200000
read #spectra: 1100000
read #spectra: 1000000
read #spectra: 1300000
read #spectra: 1200000
read #spectra: 1300000
read #spectra: 1100000
read #spectra: 1400000
read #spectra: 1138062
size: 1138062
#read spectra: 1138062
read #spectra: 1400000
read #spectra: 1500000
read #spectra: 1500000
read #spectra: 1600000
read #spectra: 1600000
read #spectra: 1700000
read #spectra: 1700000
read #spectra: 1800000
read #spectra: 1800000
read #spectra: 1900000
read #spectra: 1900000
read #spectra: 2000000
read #spectra: 2000000
read #spectra: 2100000
read #spectra: 2100000
read #spectra: 2200000
read #spectra: 2200000
read #spectra: 2300000
read #spectra: 2300000
read #spectra: 2400000
read #spectra: 2400000
read #spectra: 2500000
read #spectra: 2600000
read #spectra: 2500000
read #spectra: 2700000
read #spectra: 2800000
read #spectra: 2600000
read #spectra: 2900000
read #spectra: 2700000
read #spectra: 3000000
read #spectra: 2800000
read #spectra: 3100000
read #spectra: 2900000
read #spectra: 3200000
read #spectra: 3000000
read #spectra: 3300000
read #spectra: 3100000
read #spectra: 3400000
read #spectra: 3200000
read #spectra: 3300000
read #spectra: 3500000
read #spectra: 3400000
read #spectra: 3600000
read #spectra: 3500000
read #spectra: 3700000
read #spectra: 3600000
read #spectra: 3800000
read #spectra: 3700000
read #spectra: 3900000
read #spectra: 3800000
read #spectra: 4000000
read #spectra: 4100000
read #spectra: 3900000
read #spectra: 4200000
read #spectra: 4000000
read #spectra: 4300000
read #spectra: 4100000
read #spectra: 4400000
read #spectra: 4500000
read #spectra: 4600000
read #spectra: 4200000
read #spectra: 4300000
read #spectra: 4700000
read #spectra: 4400000
read #spectra: 4500000
read #spectra: 4800000
read #spectra: 4600000
read #spectra: 4900000
read #spectra: 4700000
read #spectra: 5000000
read #spectra: 4800000
read #spectra: 5100000
read #spectra: 4900000
read #spectra: 5200000
read #spectra: 4981279
size: 4981279
#read spectra: 4981279
read #spectra: 5300000
read #spectra: 5400000
read #spectra: 5500000
read #spectra: 5600000
read #spectra: 5700000
read #spectra: 5800000
read #spectra: 5900000
read #spectra: 6000000
read #spectra: 6100000
read #spectra: 6200000
read #spectra: 6300000
read #spectra: 6400000
read #spectra: 6500000
read #spectra: 6600000
read #spectra: 6700000
read #spectra: 6800000
read #spectra: 6900000
read #spectra: 7000000
read #spectra: 7100000
read #spectra: 7200000
read #spectra: 7300000
read #spectra: 7400000
read #spectra: 7500000
read #spectra: 7600000
read #spectra: 7700000
read #spectra: 7800000
read #spectra: 7900000
read #spectra: 8000000
read #spectra: 8100000
read #spectra: 8200000
read #spectra: 8300000
read #spectra: 8400000
read #spectra: 8500000
read #spectra: 8600000
read #spectra: 8700000
read #spectra: 8800000
read #spectra: 8900000
read #spectra: 9000000
read #spectra: 9100000
read #spectra: 9200000
read #spectra: 9300000
read #spectra: 9400000
read #spectra: 9500000
read #spectra: 9600000
read #spectra: 9700000
read #spectra: 9800000
read #spectra: 9900000
read #spectra: 10000000
read #spectra: 10100000
read #spectra: 10200000
read #spectra: 10300000
read #spectra: 10400000
read #spectra: 10500000
read #spectra: 10600000
read #spectra: 10700000
read #spectra: 10800000
read #spectra: 10900000
read #spectra: 11000000
read #spectra: 11100000
read #spectra: 11200000
read #spectra: 11300000
read #spectra: 11400000
read #spectra: 11500000
read #spectra: 11524948
size: 11524948
#read spectra: 11524948
file name: /home/wang558/cluster/PXD000561/Adult_1.mgf
read #spectra: 100000
read #spectra: 200000
file name: /home/wang558/cluster/PXD000561/Adult_2.mgf
read #spectra: 300000
read #spectra: 100000
read #spectra: 400000
file name: /home/wang558/cluster/PXD000561/Adult_3.mgf
read #spectra: 200000
read #spectra: 500000
read #spectra: 100000
read #spectra: 600000
file name: /home/wang558/cluster/PXD000561/Adult_4.mgf
read #spectra: 300000
read #spectra: 700000
read #spectra: 761539
size: 761539
#read spectra: 761539
read #spectra: 100000
read #spectra: 200000
read #spectra: 200000
read #spectra: 400000
read #spectra: 300000
read #spectra: 500000
read #spectra: 300000
read #spectra: 400000
read #spectra: 400000
read #spectra: 600000
read #spectra: 500000
read #spectra: 700000
read #spectra: 500000
read #spectra: 600000
read #spectra: 800000
read #spectra: 600000
read #spectra: 700000
read #spectra: 900000
read #spectra: 700000
read #spectra: 800000
read #spectra: 800000
read #spectra: 900000
read #spectra: 1000000
read #spectra: 1000000
read #spectra: 900000
read #spectra: 1100000
read #spectra: 1100000
file name: /home/wang558/cluster/PXD000561/Adult_1.mgf
read #spectra: 100000
read #spectra: 200000
read #spectra: 300000
file name: /home/wang558/cluster/PXD000561/Adult_2.mgf
read #spectra: 400000
read #spectra: 500000
read #spectra: 100000
read #spectra: 600000
file name: /home/wang558/cluster/PXD000561/Adult_3.mgf
read #spectra: 200000
read #spectra: 700000
read #spectra: 100000
read #spectra: 761539
size: 761539
#read spectra: 761539
file name: /home/wang558/cluster/PXD000561/Adult_4.mgf
read #spectra: 300000
read #spectra: 100000
read #spectra: 200000
read #spectra: 200000
read #spectra: 400000
read #spectra: 300000
read #spectra: 500000
read #spectra: 300000
read #spectra: 400000
read #spectra: 400000
read #spectra: 600000
read #spectra: 500000
read #spectra: 700000
read #spectra: 500000
read #spectra: 600000
read #spectra: 800000
read #spectra: 600000
read #spectra: 700000
read #spectra: 900000
read #spectra: 700000
read #spectra: 800000
read #spectra: 800000
read #spectra: 900000
read #spectra: 1000000
read #spectra: 1000000
read #spectra: 900000
read #spectra: 1100000
read #spectra: 1100000
read #spectra: 1000000
read #spectra: 1200000
read #spectra: 1200000
read #spectra: 1100000
read #spectra: 1138062
size: 1138062
#read spectra: 1138062
read #spectra: 1300000
read #spectra: 1300000
read #spectra: 1400000
read #spectra: 1400000
read #spectra: 1500000
read #spectra: 1500000
read #spectra: 1600000
read #spectra: 1700000
read #spectra: 1600000
read #spectra: 1800000
read #spectra: 1700000
read #spectra: 1900000
read #spectra: 1800000
read #spectra: 2000000
read #spectra: 1900000
read #spectra: 2000000
read #spectra: 2100000
read #spectra: 2100000
read #spectra: 2200000
read #spectra: 2200000
read #spectra: 2300000
read #spectra: 2300000
read #spectra: 2400000
read #spectra: 2400000
read #spectra: 2500000
read #spectra: 2500000
read #spectra: 2600000
read #spectra: 2600000
read #spectra: 2700000
read #spectra: 2800000
read #spectra: 2700000
read #spectra: 2900000
read #spectra: 2800000
read #spectra: 3000000
read #spectra: 2900000
read #spectra: 3100000
read #spectra: 3000000
read #spectra: 3200000
read #spectra: 3100000
read #spectra: 3300000
read #spectra: 3200000
read #spectra: 3400000
read #spectra: 3300000
read #spectra: 3500000
read #spectra: 3400000
read #spectra: 3500000
read #spectra: 3600000
read #spectra: 3600000
read #spectra: 3700000
read #spectra: 3700000
read #spectra: 3800000
read #spectra: 3800000
read #spectra: 3900000
read #spectra: 4000000
read #spectra: 3900000
read #spectra: 4100000
read #spectra: 4000000
read #spectra: 4200000
read #spectra: 4100000
read #spectra: 4300000
read #spectra: 4400000
read #spectra: 4500000
read #spectra: 4200000
read #spectra: 4600000
read #spectra: 4300000
read #spectra: 4400000
read #spectra: 4700000
read #spectra: 4500000
read #spectra: 4600000
read #spectra: 4800000
read #spectra: 4700000
read #spectra: 4900000
read #spectra: 4800000
read #spectra: 5000000
read #spectra: 4900000
read #spectra: 5100000
read #spectra: 4981279
size: 4981279
#read spectra: 4981279
read #spectra: 5200000
read #spectra: 5300000
read #spectra: 5400000
read #spectra: 5500000
read #spectra: 5600000
read #spectra: 5700000
read #spectra: 5800000
read #spectra: 5900000
read #spectra: 6000000
read #spectra: 6100000
read #spectra: 6200000
read #spectra: 6300000
read #spectra: 6400000
read #spectra: 6500000
read #spectra: 6600000
read #spectra: 6700000
read #spectra: 6800000
read #spectra: 6900000
read #spectra: 7000000
read #spectra: 7100000
read #spectra: 7200000
read #spectra: 7300000
read #spectra: 7400000
read #spectra: 7500000
read #spectra: 7600000
read #spectra: 7700000
read #spectra: 7800000
read #spectra: 7900000
read #spectra: 8000000
read #spectra: 8100000
read #spectra: 8200000
read #spectra: 8300000
read #spectra: 8400000
read #spectra: 8500000
read #spectra: 8600000
read #spectra: 8700000
read #spectra: 8800000
read #spectra: 8900000
read #spectra: 9000000
read #spectra: 9100000
read #spectra: 9200000
read #spectra: 9300000
read #spectra: 9400000
read #spectra: 9500000
read #spectra: 9600000
read #spectra: 9700000
read #spectra: 9800000
read #spectra: 9900000
read #spectra: 10000000
read #spectra: 10100000
read #spectra: 10200000
read #spectra: 10300000
read #spectra: 10400000
read #spectra: 10500000
read #spectra: 10600000
read #spectra: 10700000
read #spectra: 10800000
read #spectra: 10900000
read #spectra: 11000000
read #spectra: 11100000
read #spectra: 11200000
read #spectra: 11300000
read #spectra: 11400000
read #spectra: 11500000
read #spectra: 11524948
size: 11524948
#read spectra: 11524948
